python : 2025-03-11 18:43:36.468024: I tensorflow/core/util/port.cc:153] oneDNN custom operations are on. 
You may see slightly different numerical results due to floating-point round-off errors from different 
computation orders. To turn them off, set the environment variable `TF_ENABLE_ONEDNN_OPTS=0`.
At line:1 char:1
+ python test_ppo_init.py > test_output.txt 2>&1
+ ~~~~~~~~~~~~~~~~~~~~~~~~~~~~~~~~~~~~~~~~~~~~~~
    + CategoryInfo          : NotSpecified: (2025-03-11 18:4...ONEDNN_OPTS=0`.:String) [], RemoteException
    + FullyQualifiedErrorId : NativeCommandError
 
2025-03-11 18:43:37.510799: I tensorflow/core/util/port.cc:153] oneDNN custom operations are on. You may 
see slightly different numerical results due to floating-point round-off errors from different computation 
orders. To turn them off, set the environment variable `TF_ENABLE_ONEDNN_OPTS=0`.
Creating environment...
CombinedExtractor parameters:
(self, observation_space: gymnasium.spaces.dict.Dict, cnn_output_dim: int = 256, normalized_image: bool = False) -> None

Trying to initialize PPO with combined extractor...
Using cuda device
Wrapping the env in a VecTransposeImage.
SUCCESS: PPO initialization with cnn_output_dim

Trying alternative parameter structure...
Using cuda device
Wrapping the env in a VecTransposeImage.
SUCCESS: PPO initialization without features_extractor_kwargs

Tests completed.
